/opt/venv/lib/python3.10/site-packages/rasa/core/tracker_store.py:1044: MovedIn20Warning: Deprecated API features detected! These feature(s) are not compatible with SQLAlchemy 2.0. To prevent incompatible upgrades prior to updating applications, ensure requirements files are pinned to "sqlalchemy<2.0". Set environment variable SQLALCHEMY_WARN_20=1 to show all deprecation warnings.  Set environment variable SQLALCHEMY_SILENCE_UBER_WARNING=1 to silence this message. (Background on SQLAlchemy 2.0 at: https://sqlalche.me/e/b8d9)
  Base: DeclarativeMeta = declarative_base()
2025-04-29 09:45:54 DEBUG    rasa.telemetry  - Could not read telemetry settings from configuration file: Configuration 'metrics' key not found.
2025-04-29 09:45:54 WARNING  rasa.utils.common  - Failed to write global config. Error: [Errno 13] Permission denied: '/app/.config'. Skipping.
/opt/venv/lib/python3.10/site-packages/sanic_cors/extension.py:39: DeprecationWarning: distutils Version classes are deprecated. Use packaging.version instead.
  SANIC_VERSION = LooseVersion(sanic_version)
/opt/venv/lib/python3.10/site-packages/apscheduler/__init__.py:1: DeprecationWarning: pkg_resources is deprecated as an API. See https://setuptools.pypa.io/en/latest/pkg_resources.html
  from pkg_resources import get_distribution, DistributionNotFound
/opt/venv/lib/python3.10/site-packages/pkg_resources/__init__.py:3117: DeprecationWarning: Deprecated call to `pkg_resources.declare_namespace('google')`.
Implementing implicit namespace packages (as specified in PEP 420) is preferred to `pkg_resources.declare_namespace`. See https://setuptools.pypa.io/en/latest/references/keywords.html#keyword-namespace-packages
  declare_namespace(pkg)
/opt/venv/lib/python3.10/site-packages/pkg_resources/__init__.py:3117: DeprecationWarning: Deprecated call to `pkg_resources.declare_namespace('mpl_toolkits')`.
Implementing implicit namespace packages (as specified in PEP 420) is preferred to `pkg_resources.declare_namespace`. See https://setuptools.pypa.io/en/latest/references/keywords.html#keyword-namespace-packages
  declare_namespace(pkg)
/opt/venv/lib/python3.10/site-packages/pkg_resources/__init__.py:3117: DeprecationWarning: Deprecated call to `pkg_resources.declare_namespace('ruamel')`.
Implementing implicit namespace packages (as specified in PEP 420) is preferred to `pkg_resources.declare_namespace`. See https://setuptools.pypa.io/en/latest/references/keywords.html#keyword-namespace-packages
  declare_namespace(pkg)
/opt/venv/lib/python3.10/site-packages/pkg_resources/__init__.py:3117: DeprecationWarning: Deprecated call to `pkg_resources.declare_namespace('ruamel.yaml')`.
Implementing implicit namespace packages (as specified in PEP 420) is preferred to `pkg_resources.declare_namespace`. See https://setuptools.pypa.io/en/latest/references/keywords.html#keyword-namespace-packages
  declare_namespace(pkg)
/opt/venv/lib/python3.10/site-packages/future/standard_library/__init__.py:65: DeprecationWarning: the imp module is deprecated in favour of importlib and slated for removal in Python 3.12; see the module's documentation for alternative uses
  import imp
2025-04-29 09:45:55 DEBUG    h5py._conv  - Creating converter from 7 to 5
2025-04-29 09:45:55 DEBUG    h5py._conv  - Creating converter from 5 to 7
2025-04-29 09:45:55 DEBUG    h5py._conv  - Creating converter from 7 to 5
2025-04-29 09:45:55 DEBUG    h5py._conv  - Creating converter from 5 to 7
<frozen importlib._bootstrap>:283: DeprecationWarning: the load_module() method is deprecated and slated for removal in Python 3.12; use exec_module() instead
No chat connector configured, falling back to the REST input channel. To connect your bot to another channel, read the docs here: https://rasa.com/docs/rasa/messaging-and-voice-channels
2025-04-29 09:45:56 DEBUG    rasa.core.utils  - Available web server routes:
/conversations/<conversation_id:path>/messages     POST                           add_message
/conversations/<conversation_id:path>/tracker/events POST                           append_events
/webhooks/rest                                     GET                            custom_webhook_RestInput.health
/webhooks/rest/webhook                             POST                           custom_webhook_RestInput.receive
/model/test/intents                                POST                           evaluate_intents
/model/test/stories                                POST                           evaluate_stories
/conversations/<conversation_id:path>/execute      POST                           execute_action
/domain                                            GET                            get_domain
/                                                  GET                            hello
/model                                             PUT                            load_model
/model/parse                                       POST                           parse
/conversations/<conversation_id:path>/predict      POST                           predict
/conversations/<conversation_id:path>/tracker/events PUT                            replace_events
/conversations/<conversation_id:path>/story        GET                            retrieve_story
/conversations/<conversation_id:path>/tracker      GET                            retrieve_tracker
/status                                            GET                            status
/model/predict                                     POST                           tracker_predict
/model/train                                       POST                           train
/conversations/<conversation_id:path>/trigger_intent POST                           trigger_intent
/model                                             DELETE                         unload_model
/version                                           GET                            version
2025-04-29 09:45:56 INFO     root  - Starting Rasa server on http://0.0.0.0:5005
2025-04-29 09:45:56 DEBUG    rasa.core.utils  - Using the default number of Sanic workers (1).
2025-04-29 09:45:56 DEBUG    rasa.core.tracker_store  - Connected to InMemoryTrackerStore.
2025-04-29 09:45:56 DEBUG    rasa.core.lock_store  - Connected to lock store 'InMemoryLockStore'.
2025-04-29 09:45:56 DEBUG    rasa.core.nlg.generator  - Instantiated NLG to 'TemplatedNaturalLanguageGenerator'.
2025-04-29 09:45:56 INFO     rasa.core.processor  - Loading model models/20250429-092504-stone-travel.tar.gz...
2025-04-29 09:45:56 DEBUG    rasa.engine.storage.local_model_storage  - Extracted model to '/tmp/tmpi3eutxg4'.
/opt/venv/lib/python3.10/site-packages/rasa/shared/core/slot_mappings.py:224: UserWarning: Slot auto-fill has been removed in 3.0 and replaced with a new explicit mechanism to set slots. Please refer to https://rasa.com/docs/rasa/domain#slots to learn more.
  rasa.shared.utils.io.raise_warning(
2025-04-29 09:45:56 DEBUG    rasa.engine.graph  - Node 'nlu_message_converter' loading 'NLUMessageConverter.load' and kwargs: '{}'.
2025-04-29 09:45:56 DEBUG    rasa.engine.graph  - Node 'run_WhitespaceTokenizer0' loading 'WhitespaceTokenizer.load' and kwargs: '{}'.
2025-04-29 09:45:56 DEBUG    rasa.engine.graph  - Node 'run_RegexFeaturizer1' loading 'RegexFeaturizer.load' and kwargs: '{}'.
2025-04-29 09:45:56 DEBUG    rasa.engine.storage.local_model_storage  - Resource 'train_RegexFeaturizer1' was requested for reading.
2025-04-29 09:45:56 DEBUG    rasa.engine.graph  - Node 'run_LexicalSyntacticFeaturizer2' loading 'LexicalSyntacticFeaturizer.load' and kwargs: '{}'.
2025-04-29 09:45:56 DEBUG    rasa.engine.storage.local_model_storage  - Resource 'train_LexicalSyntacticFeaturizer2' was requested for reading.
2025-04-29 09:45:56 DEBUG    rasa.engine.graph  - Node 'run_CountVectorsFeaturizer3' loading 'CountVectorsFeaturizer.load' and kwargs: '{}'.
2025-04-29 09:45:56 DEBUG    rasa.engine.storage.local_model_storage  - Resource 'train_CountVectorsFeaturizer3' was requested for reading.
2025-04-29 09:45:56 DEBUG    rasa.engine.graph  - Node 'run_LanguageModelFeaturizer4' loading 'LanguageModelFeaturizer.load' and kwargs: '{}'.
/opt/venv/lib/python3.10/site-packages/transformers/utils/hub.py:123: FutureWarning: Using `TRANSFORMERS_CACHE` is deprecated and will be removed in v5 of Transformers. Use `HF_HOME` instead.
  warnings.warn(
2025-04-29 09:45:56 DEBUG    rasa.nlu.featurizers.dense_featurizer.lm_featurizer  - Loading Tokenizer and Model for bert
/opt/venv/lib/python3.10/site-packages/huggingface_hub/file_download.py:795: FutureWarning: `resume_download` is deprecated and will be removed in version 1.0.0. Downloads always resume when possible. If you want to force a new download, use `force_download=True`.
  warnings.warn(
2025-04-29 09:45:56 DEBUG    urllib3.connectionpool  - Starting new HTTPS connection (1): huggingface.co:443
2025-04-29 09:45:57 DEBUG    urllib3.connectionpool  - https://huggingface.co:443 "HEAD /bert-base-cased/resolve/main/tokenizer_config.json HTTP/1.1" 200 0
2025-04-29 09:45:57 DEBUG    filelock  - Attempting to acquire lock 128583715098864 on /tmp/cache/.locks/models--bert-base-cased/2ba5de7675473164e07f3b3531748c9a6f113a2c.lock
2025-04-29 09:45:57 DEBUG    filelock  - Lock 128583715098864 acquired on /tmp/cache/.locks/models--bert-base-cased/2ba5de7675473164e07f3b3531748c9a6f113a2c.lock
2025-04-29 09:45:57 DEBUG    urllib3.connectionpool  - https://huggingface.co:443 "GET /bert-base-cased/resolve/main/tokenizer_config.json HTTP/1.1" 200 49
tokenizer_config.json: 100%|████████████████████████████████████████████████████████████████████████████████████████████████████| 49.0/49.0 [00:00<00:00, 721kB/s]
2025-04-29 09:45:57 DEBUG    filelock  - Attempting to release lock 128583715098864 on /tmp/cache/.locks/models--bert-base-cased/2ba5de7675473164e07f3b3531748c9a6f113a2c.lock
2025-04-29 09:45:57 DEBUG    filelock  - Lock 128583715098864 released on /tmp/cache/.locks/models--bert-base-cased/2ba5de7675473164e07f3b3531748c9a6f113a2c.lock
2025-04-29 09:45:57 DEBUG    urllib3.connectionpool  - https://huggingface.co:443 "HEAD /bert-base-cased/resolve/main/vocab.txt HTTP/1.1" 200 0
2025-04-29 09:45:57 DEBUG    filelock  - Attempting to acquire lock 128583715099296 on /tmp/cache/.locks/models--bert-base-cased/2ea941cc79a6f3d7985ca6991ef4f67dad62af04.lock
2025-04-29 09:45:57 DEBUG    filelock  - Lock 128583715099296 acquired on /tmp/cache/.locks/models--bert-base-cased/2ea941cc79a6f3d7985ca6991ef4f67dad62af04.lock
2025-04-29 09:45:58 DEBUG    urllib3.connectionpool  - https://huggingface.co:443 "GET /bert-base-cased/resolve/main/vocab.txt HTTP/1.1" 200 213450
vocab.txt: 100%|████████████████████████████████████████████████████████████████████████████████████████████████████████████████| 213k/213k [00:00<00:00, 594kB/s]
2025-04-29 09:45:58 DEBUG    filelock  - Attempting to release lock 128583715099296 on /tmp/cache/.locks/models--bert-base-cased/2ea941cc79a6f3d7985ca6991ef4f67dad62af04.lock
2025-04-29 09:45:58 DEBUG    filelock  - Lock 128583715099296 released on /tmp/cache/.locks/models--bert-base-cased/2ea941cc79a6f3d7985ca6991ef4f67dad62af04.lock
2025-04-29 09:45:58 DEBUG    urllib3.connectionpool  - https://huggingface.co:443 "HEAD /bert-base-cased/resolve/main/added_tokens.json HTTP/1.1" 404 0
2025-04-29 09:45:59 DEBUG    urllib3.connectionpool  - https://huggingface.co:443 "HEAD /bert-base-cased/resolve/main/special_tokens_map.json HTTP/1.1" 404 0
2025-04-29 09:45:59 DEBUG    urllib3.connectionpool  - https://huggingface.co:443 "HEAD /bert-base-cased/resolve/main/tokenizer.json HTTP/1.1" 200 0
2025-04-29 09:45:59 DEBUG    filelock  - Attempting to acquire lock 128583715105824 on /tmp/cache/.locks/models--bert-base-cased/1ab2a0d23e5a032b6dcd6a3d0976c2af4d2c27f8.lock
2025-04-29 09:45:59 DEBUG    filelock  - Lock 128583715105824 acquired on /tmp/cache/.locks/models--bert-base-cased/1ab2a0d23e5a032b6dcd6a3d0976c2af4d2c27f8.lock
2025-04-29 09:45:59 DEBUG    urllib3.connectionpool  - https://huggingface.co:443 "GET /bert-base-cased/resolve/main/tokenizer.json HTTP/1.1" 200 435797
tokenizer.json: 100%|██████████████████████████████████████████████████████████████████████████████████████████████████████████| 436k/436k [00:00<00:00, 2.17MB/s]
2025-04-29 09:45:59 DEBUG    filelock  - Attempting to release lock 128583715105824 on /tmp/cache/.locks/models--bert-base-cased/1ab2a0d23e5a032b6dcd6a3d0976c2af4d2c27f8.lock
2025-04-29 09:45:59 DEBUG    filelock  - Lock 128583715105824 released on /tmp/cache/.locks/models--bert-base-cased/1ab2a0d23e5a032b6dcd6a3d0976c2af4d2c27f8.lock
2025-04-29 09:45:59 DEBUG    urllib3.connectionpool  - https://huggingface.co:443 "HEAD /bert-base-cased/resolve/main/config.json HTTP/1.1" 200 0
2025-04-29 09:45:59 DEBUG    filelock  - Attempting to acquire lock 128583715104864 on /tmp/cache/.locks/models--bert-base-cased/107460496b431545e4f921afb3fd5486fd2ae79d.lock
2025-04-29 09:45:59 DEBUG    filelock  - Lock 128583715104864 acquired on /tmp/cache/.locks/models--bert-base-cased/107460496b431545e4f921afb3fd5486fd2ae79d.lock
2025-04-29 09:46:00 DEBUG    urllib3.connectionpool  - https://huggingface.co:443 "GET /bert-base-cased/resolve/main/config.json HTTP/1.1" 200 570
config.json: 100%|███████████████████████████████████████████████████████████████████████████████████████████████████████████████| 570/570 [00:00<00:00, 7.76MB/s]
2025-04-29 09:46:00 DEBUG    filelock  - Attempting to release lock 128583715104864 on /tmp/cache/.locks/models--bert-base-cased/107460496b431545e4f921afb3fd5486fd2ae79d.lock
2025-04-29 09:46:00 DEBUG    filelock  - Lock 128583715104864 released on /tmp/cache/.locks/models--bert-base-cased/107460496b431545e4f921afb3fd5486fd2ae79d.lock
2025-04-29 09:46:00 DEBUG    urllib3.connectionpool  - https://huggingface.co:443 "HEAD /bert-base-cased/resolve/main/config.json HTTP/1.1" 200 0
2025-04-29 09:46:00 DEBUG    urllib3.connectionpool  - https://huggingface.co:443 "HEAD /bert-base-cased/resolve/main/model.safetensors HTTP/1.1" 302 0
2025-04-29 09:46:00 DEBUG    filelock  - Attempting to acquire lock 128583728201104 on /tmp/cache/.locks/models--bert-base-cased/1d8bdcee6021e2c25f0325e84889b61c2eb26b843eef5659c247af138d64f050.lock
2025-04-29 09:46:00 DEBUG    filelock  - Lock 128583728201104 acquired on /tmp/cache/.locks/models--bert-base-cased/1d8bdcee6021e2c25f0325e84889b61c2eb26b843eef5659c247af138d64f050.lock
2025-04-29 09:46:00 DEBUG    urllib3.connectionpool  - Starting new HTTPS connection (1): cas-bridge.xethub.hf.co:443
2025-04-29 09:46:00 DEBUG    urllib3.connectionpool  - https://cas-bridge.xethub.hf.co:443 "GET /xet-bridge-us/621ffdc036468d709f174331/83c31be240458b001866527feebc3cece210a4aec957064b2f166d2dd6e8471f?X-Amz-Algorithm=AWS4-HMAC-SHA256&X-Amz-Content-Sha256=UNSIGNED-PAYLOAD&X-Amz-Credential=cas%2F20250429%2Fus-east-1%2Fs3%2Faws4_request&X-Amz-Date=20250429T094600Z&X-Amz-Expires=3600&X-Amz-Signature=217dd44a14bd5a617a3c66df11e06e6f5bc0e467c9394b62e9f2c3f6360d6622&X-Amz-SignedHeaders=host&X-Xet-Cas-Uid=public&response-content-disposition=inline%3B+filename*%3DUTF-8%27%27model.safetensors%3B+filename%3D%22model.safetensors%22%3B&x-id=GetObject&Expires=1745923560&Policy=eyJTdGF0ZW1lbnQiOlt7IkNvbmRpdGlvbiI6eyJEYXRlTGVzc1RoYW4iOnsiQVdTOkVwb2NoVGltZSI6MTc0NTkyMzU2MH19LCJSZXNvdXJjZSI6Imh0dHBzOi8vY2FzLWJyaWRnZS54ZXRodWIuaGYuY28veGV0LWJyaWRnZS11cy82MjFmZmRjMDM2NDY4ZDcwOWYxNzQzMzEvODNjMzFiZTI0MDQ1OGIwMDE4NjY1MjdmZWViYzNjZWNlMjEwYTRhZWM5NTcwNjRiMmYxNjZkMmRkNmU4NDcxZioifV19&Signature=pufMb0obOdvQN9US4Ce7-NUv78szeZqI6YpoR3vHyvTo3Ji8J5R8tWANd58DgTNVrYFMUVoZo3y4j9LvAt3sZwez0dzz7WWRLNbTgruntQK1pPjzGNBo6uGTkLea30ylkDpmWK2odSfqd00aBhFob5SNnHJK3ongkr6z7tLbVEI3P8gLSHgDD35RzMDEPlFmdDD0CMoEkuZrXpsfEa~HSg-VAbwaJTC098EDurKe6f11OCUAcBKQtRBMDhxT2zPcrhbenmq2ffWp5cgbi5mhEKSYTi8DsI--UnYAoOZfaLi2pe9Y97Sb68n2qU9pfiA1NRBgXBmvPJZ9BMRm6fozpg__&Key-Pair-Id=K2L8F4GPSG1IFC HTTP/1.1" 200 435755784
model.safetensors: 100%|███████████████████████████████████████████████████████████████████████████████████████████████████████| 436M/436M [01:27<00:00, 4.99MB/s]
2025-04-29 09:47:28 DEBUG    filelock  - Attempting to release lock 128583728201104 on /tmp/cache/.locks/models--bert-base-cased/1d8bdcee6021e2c25f0325e84889b61c2eb26b843eef5659c247af138d64f050.lock
2025-04-29 09:47:28 DEBUG    filelock  - Lock 128583728201104 released on /tmp/cache/.locks/models--bert-base-cased/1d8bdcee6021e2c25f0325e84889b61c2eb26b843eef5659c247af138d64f050.lock
Some weights of the PyTorch model were not used when initializing the TF 2.0 model TFBertModel: ['cls.predictions.bias', 'cls.predictions.transform.LayerNorm.bias', 'cls.predictions.transform.LayerNorm.weight', 'cls.predictions.transform.dense.bias', 'cls.predictions.transform.dense.weight', 'cls.seq_relationship.bias', 'cls.seq_relationship.weight']
- This IS expected if you are initializing TFBertModel from a PyTorch model trained on another task or with another architecture (e.g. initializing a TFBertForSequenceClassification model from a BertForPreTraining model).
- This IS NOT expected if you are initializing TFBertModel from a PyTorch model that you expect to be exactly identical (e.g. initializing a TFBertForSequenceClassification model from a BertForSequenceClassification model).
All the weights of TFBertModel were initialized from the PyTorch model.
If your task is similar to the task the model of the checkpoint was trained on, you can already use TFBertModel for predictions without further training.
2025-04-29 09:47:29 DEBUG    rasa.engine.graph  - Node 'run_DIETClassifier5' loading 'DIETClassifier.load' and kwargs: '{}'.
2025-04-29 09:47:29 DEBUG    rasa.engine.storage.local_model_storage  - Resource 'train_DIETClassifier5' was requested for reading.
2025-04-29 09:47:29 DEBUG    rasa.utils.tensorflow.models  - Loading the model from /tmp/tmp4nj3itt3/train_DIETClassifier5/DIETClassifier.tf_model with finetune_mode=False...
2025-04-29 09:47:29 DEBUG    rasa.nlu.classifiers.diet_classifier  - You specified 'DIET' to train entities, but no entities are present in the training data. Skipping training of entities.
2025-04-29 09:47:29 DEBUG    rasa.nlu.classifiers.diet_classifier  - Following metrics will be logged during training:
2025-04-29 09:47:29 DEBUG    rasa.nlu.classifiers.diet_classifier  -   t_loss (total loss)
2025-04-29 09:47:29 DEBUG    rasa.nlu.classifiers.diet_classifier  -   i_acc (intent acc)
2025-04-29 09:47:29 DEBUG    rasa.nlu.classifiers.diet_classifier  -   i_loss (intent loss)
/usr/lib/python3.10/random.py:370: DeprecationWarning: non-integer arguments to randrange() have been deprecated since Python 3.10 and will be removed in a subsequent version
  return self.randrange(a, b+1)
2025-04-29 09:47:32 DEBUG    rasa.utils.tensorflow.models  - Finished loading the model.
/opt/venv/lib/python3.10/site-packages/rasa/utils/train_utils.py:530: UserWarning: constrain_similarities is set to `False`. It is recommended to set it to `True` when using cross-entropy loss.
  rasa.shared.utils.io.raise_warning(
2025-04-29 09:47:32 DEBUG    rasa.engine.graph  - Node 'run_EntitySynonymMapper6' loading 'EntitySynonymMapper.load' and kwargs: '{}'.
2025-04-29 09:47:32 DEBUG    rasa.engine.storage.local_model_storage  - Resource 'train_EntitySynonymMapper6' was requested for reading.
2025-04-29 09:47:32 DEBUG    rasa.nlu.extractors.entity_synonyms  - Failed to load ABCMeta from model storage. Resource 'train_EntitySynonymMapper6' doesn't exist.
2025-04-29 09:47:32 DEBUG    rasa.engine.graph  - Node 'run_ResponseSelector7' loading 'ResponseSelector.load' and kwargs: '{}'.
2025-04-29 09:47:32 DEBUG    rasa.engine.storage.local_model_storage  - Resource 'train_ResponseSelector7' was requested for reading.
2025-04-29 09:47:32 DEBUG    rasa.nlu.classifiers.diet_classifier  - Failed to load ABCMeta from model storage. Resource 'train_ResponseSelector7' doesn't exist.
2025-04-29 09:47:32 DEBUG    rasa.engine.storage.local_model_storage  - Resource 'train_ResponseSelector7' was requested for reading.
2025-04-29 09:47:32 DEBUG    rasa.nlu.selectors.response_selector  - Failed to load ResponseSelector from model storage. Resource 'train_ResponseSelector7' doesn't exist.
2025-04-29 09:47:32 DEBUG    rasa.engine.graph  - Node 'run_RegexMessageHandler' loading 'RegexMessageHandler.load' and kwargs: '{}'.
2025-04-29 09:47:32 DEBUG    rasa.engine.graph  - Node 'domain_provider' loading 'DomainProvider.load' and kwargs: '{}'.
2025-04-29 09:47:32 DEBUG    rasa.engine.storage.local_model_storage  - Resource 'domain_provider' was requested for reading.
<frozen importlib._bootstrap>:283: DeprecationWarning: the load_module() method is deprecated and slated for removal in Python 3.12; use exec_module() instead
/opt/venv/lib/python3.10/site-packages/rasa/shared/core/slot_mappings.py:224: UserWarning: Slot auto-fill has been removed in 3.0 and replaced with a new explicit mechanism to set slots. Please refer to https://rasa.com/docs/rasa/domain#slots to learn more.
  rasa.shared.utils.io.raise_warning(
2025-04-29 09:47:32 DEBUG    rasa.engine.graph  - Node 'run_MemoizationPolicy0' loading 'MemoizationPolicy.load' and kwargs: '{}'.
2025-04-29 09:47:32 DEBUG    rasa.engine.storage.local_model_storage  - Resource 'train_MemoizationPolicy0' was requested for reading.
2025-04-29 09:47:32 DEBUG    rasa.engine.graph  - Node 'run_RulePolicy1' loading 'RulePolicy.load' and kwargs: '{}'.
2025-04-29 09:47:32 DEBUG    rasa.engine.storage.local_model_storage  - Resource 'train_RulePolicy1' was requested for reading.
2025-04-29 09:47:32 DEBUG    rasa.engine.graph  - Node 'run_TEDPolicy2' loading 'TEDPolicy.load' and kwargs: '{}'.
2025-04-29 09:47:32 DEBUG    rasa.engine.storage.local_model_storage  - Resource 'train_TEDPolicy2' was requested for reading.
2025-04-29 09:47:32 DEBUG    rasa.utils.tensorflow.models  - Loading the model from /tmp/tmp4nj3itt3/train_TEDPolicy2/ted_policy.tf_model with finetune_mode=False...
2025-04-29 09:47:36 DEBUG    rasa.utils.tensorflow.models  - Finished loading the model.
2025-04-29 09:47:36 DEBUG    rasa.engine.graph  - Node 'rule_only_data_provider' loading 'RuleOnlyDataProvider.load' and kwargs: '{}'.
2025-04-29 09:47:36 DEBUG    rasa.engine.storage.local_model_storage  - Resource 'train_RulePolicy1' was requested for reading.
2025-04-29 09:47:36 DEBUG    rasa.engine.graph  - Node 'select_prediction' loading 'DefaultPolicyPredictionEnsemble.load' and kwargs: '{}'.
2025-04-29 09:47:36 INFO     root  - Rasa server is up and running.
2025-04-29 09:47:36 INFO     root  - Enabling coroutine debugging. Loop id 105831706527168.
2025-04-29 09:47:40 DEBUG    rasa.core.lock_store  - Issuing ticket for conversation 'PractikumStudent'.
2025-04-29 09:47:40 DEBUG    rasa.core.lock_store  - Acquiring lock for conversation 'PractikumStudent'.
2025-04-29 09:47:40 DEBUG    rasa.core.lock_store  - Acquired lock for conversation 'PractikumStudent'.
2025-04-29 09:47:40 DEBUG    rasa.core.tracker_store  - Could not find tracker for conversation ID 'PractikumStudent'.
2025-04-29 09:47:40 DEBUG    rasa.core.tracker_store  - No event broker configured. Skipping streaming events.
2025-04-29 09:47:40 DEBUG    rasa.core.processor  - Starting a new session for conversation ID 'PractikumStudent'.
2025-04-29 09:47:40 DEBUG    rasa.core.processor  - [debug    ] processor.actions.policy_prediction prediction_events=[]
2025-04-29 09:47:40 DEBUG    rasa.core.processor  - [debug    ] processor.actions.log          action_name=action_session_start rasa_events=[<rasa.shared.core.events.SessionStarted object at 0x74f19b615090>, ActionExecuted(action: action_listen, policy: None, confidence: None)]
2025-04-29 09:47:40 DEBUG    rasa.core.processor  - [debug    ] processor.slots.log            slot_values=     topic: None
        session_started_metadata: None
2025-04-29 09:47:40 DEBUG    rasa.engine.runner.dask  - Running graph with inputs: {'__message__': [<rasa.core.channels.channel.UserMessage object at 0x74f1d09134c0>], '__tracker__': <rasa.shared.core.trackers.DialogueStateTracker object at 0x74f1d0c63af0>}, targets: ['run_RegexMessageHandler'] and ExecutionContext(model_id='5ed29902bd4a432a8d890ee2f21e7684', should_add_diagnostic_data=False, is_finetuning=False, node_name=None).
2025-04-29 09:47:40 DEBUG    rasa.engine.graph  - Node 'nlu_message_converter' running 'NLUMessageConverter.convert_user_message'.
2025-04-29 09:47:40 DEBUG    rasa.engine.graph  - Node 'run_WhitespaceTokenizer0' running 'WhitespaceTokenizer.process'.
2025-04-29 09:47:40 DEBUG    rasa.engine.graph  - Node 'run_RegexFeaturizer1' running 'RegexFeaturizer.process'.
2025-04-29 09:47:40 DEBUG    rasa.engine.graph  - Node 'run_LexicalSyntacticFeaturizer2' running 'LexicalSyntacticFeaturizer.process'.
2025-04-29 09:47:40 DEBUG    rasa.engine.graph  - Node 'run_CountVectorsFeaturizer3' running 'CountVectorsFeaturizer.process'.
2025-04-29 09:47:40 DEBUG    rasa.engine.graph  - Node 'run_LanguageModelFeaturizer4' running 'LanguageModelFeaturizer.process'.
2025-04-29 09:47:40 DEBUG    rasa.engine.graph  - Node 'run_DIETClassifier5' running 'DIETClassifier.process'.
2025-04-29 09:47:40 DEBUG    rasa.engine.graph  - Node 'run_EntitySynonymMapper6' running 'EntitySynonymMapper.process'.
2025-04-29 09:47:40 DEBUG    rasa.engine.graph  - Node 'run_ResponseSelector7' running 'ResponseSelector.process'.
2025-04-29 09:47:40 DEBUG    rasa.nlu.classifiers.diet_classifier  - There is no trained model for 'ResponseSelector': The component is either not trained or didn't receive enough training data.
2025-04-29 09:47:40 DEBUG    rasa.nlu.selectors.response_selector  - Adding following selector key to message property: default
2025-04-29 09:47:40 DEBUG    rasa.engine.graph  - Node 'domain_provider' running 'DomainProvider.provide_inference'.
2025-04-29 09:47:40 DEBUG    rasa.engine.graph  - Node 'run_RegexMessageHandler' running 'RegexMessageHandler.process'.
2025-04-29 09:47:40 DEBUG    rasa.core.processor  - [debug    ] processor.message.parse        parse_data_entities=[] parse_data_intent={'name': 'greet', 'confidence': 0.12213969230651855} parse_data_text=Здравствуйте
2025-04-29 09:47:40 DEBUG    rasa.core.processor  - Logged UserUtterance - tracker now has 4 events.
2025-04-29 09:47:40 DEBUG    rasa.core.actions.action  - Validating extracted slots: topic
2025-04-29 09:47:40 DEBUG    rasa.core.processor  - [debug    ] processor.extract.slots        action_extract_slot=action_extract_slots len_extraction_events=1 rasa_events=[SlotSet(key: topic, value: Здравствуйте)]
2025-04-29 09:47:40 DEBUG    rasa.engine.runner.dask  - Running graph with inputs: {'__tracker__': <rasa.shared.core.trackers.DialogueStateTracker object at 0x74f1d0c63af0>}, targets: ['select_prediction'] and ExecutionContext(model_id='5ed29902bd4a432a8d890ee2f21e7684', should_add_diagnostic_data=False, is_finetuning=False, node_name=None).
2025-04-29 09:47:40 DEBUG    rasa.engine.graph  - Node 'rule_only_data_provider' running 'RuleOnlyDataProvider.provide'.
2025-04-29 09:47:40 DEBUG    rasa.engine.graph  - Node 'domain_provider' running 'DomainProvider.provide_inference'.
2025-04-29 09:47:40 DEBUG    rasa.engine.graph  - Node 'run_MemoizationPolicy0' running 'MemoizationPolicy.predict_action_probabilities'.
2025-04-29 09:47:40 DEBUG    rasa.core.policies.memoization  - [debug    ] memoization.predict.actions    tracker_states=[{}, {'user': {'intent': 'greet'}, 'prev_action': {'action_name': 'action_listen'}}]
2025-04-29 09:47:40 DEBUG    rasa.core.policies.memoization  - There is a memorised next action 'utter_greet'
2025-04-29 09:47:40 DEBUG    rasa.engine.graph  - Node 'run_RulePolicy1' running 'RulePolicy.predict_action_probabilities'.
2025-04-29 09:47:40 DEBUG    rasa.core.policies.rule_policy  - [debug    ] rule_policy.actions.find       current_states=
[state 1] user text: Здравствуйте | previous action name: action_listen
2025-04-29 09:47:40 DEBUG    rasa.core.policies.rule_policy  - There is no applicable rule.
2025-04-29 09:47:40 DEBUG    rasa.core.policies.rule_policy  - [debug    ] rule_policy.actions.find       current_states=
[state 1] user intent: greet | previous action name: action_listen
2025-04-29 09:47:40 DEBUG    rasa.core.policies.rule_policy  - There is a rule for the next action 'utter_greet'.
2025-04-29 09:47:40 DEBUG    rasa.engine.graph  - Node 'run_TEDPolicy2' running 'TEDPolicy.predict_action_probabilities'.
2025-04-29 09:47:40 DEBUG    rasa.core.policies.ted_policy  - TED predicted 'utter_greet' based on user intent.
2025-04-29 09:47:40 DEBUG    rasa.engine.graph  - Node 'select_prediction' running 'DefaultPolicyPredictionEnsemble.combine_predictions_from_kwargs'.
2025-04-29 09:47:40 DEBUG    rasa.core.policies.ensemble  - Made prediction using user intent.
2025-04-29 09:47:40 DEBUG    rasa.core.policies.ensemble  - Added `DefinePrevUserUtteredFeaturization(False)` event.
2025-04-29 09:47:40 DEBUG    rasa.core.policies.ensemble  - Predicted next action using RulePolicy.
2025-04-29 09:47:40 DEBUG    rasa.core.processor  - Predicted next action 'utter_greet' with confidence 1.00.
2025-04-29 09:47:40 DEBUG    rasa.core.processor  - [debug    ] processor.actions.policy_prediction prediction_events=[<rasa.shared.core.events.DefinePrevUserUtteredFeaturization object at 0x74f1d0c8a770>]
2025-04-29 09:47:40 DEBUG    rasa.core.processor  - [debug    ] processor.actions.log          action_name=utter_greet rasa_events=[BotUttered('Привет! Чем могу помочь в области архитектуры программного обеспечения?', {"elements": null, "quick_replies": null, "buttons": null, "attachment": null, "image": null, "custom": null}, {"utter_action": "utter_greet"}, 1745920060.24069)]
2025-04-29 09:47:40 DEBUG    rasa.engine.runner.dask  - Running graph with inputs: {'__tracker__': <rasa.shared.core.trackers.DialogueStateTracker object at 0x74f1d0c63af0>}, targets: ['select_prediction'] and ExecutionContext(model_id='5ed29902bd4a432a8d890ee2f21e7684', should_add_diagnostic_data=False, is_finetuning=False, node_name=None).
2025-04-29 09:47:40 DEBUG    rasa.engine.graph  - Node 'rule_only_data_provider' running 'RuleOnlyDataProvider.provide'.
2025-04-29 09:47:40 DEBUG    rasa.engine.graph  - Node 'domain_provider' running 'DomainProvider.provide_inference'.
2025-04-29 09:47:40 DEBUG    rasa.engine.graph  - Node 'run_MemoizationPolicy0' running 'MemoizationPolicy.predict_action_probabilities'.
2025-04-29 09:47:40 DEBUG    rasa.core.policies.memoization  - [debug    ] memoization.predict.actions    tracker_states=[{'user': {'intent': 'greet'}, 'prev_action': {'action_name': 'action_listen'}}, {'user': {'intent': 'greet'}, 'prev_action': {'action_name': 'utter_greet'}}]
2025-04-29 09:47:40 DEBUG    rasa.core.policies.memoization  - There is a memorised next action 'action_listen'
2025-04-29 09:47:40 DEBUG    rasa.engine.graph  - Node 'run_RulePolicy1' running 'RulePolicy.predict_action_probabilities'.
2025-04-29 09:47:40 DEBUG    rasa.core.policies.rule_policy  - [debug    ] rule_policy.actions.find       current_states=
[state 1] user intent: greet | previous action name: action_listen
[state 2] user intent: greet | previous action name: utter_greet
2025-04-29 09:47:40 DEBUG    rasa.core.policies.rule_policy  - There is a rule for the next action 'action_listen'.
2025-04-29 09:47:40 DEBUG    rasa.engine.graph  - Node 'run_TEDPolicy2' running 'TEDPolicy.predict_action_probabilities'.
2025-04-29 09:47:40 DEBUG    rasa.core.policies.ted_policy  - TED predicted 'action_listen' based on user intent.
2025-04-29 09:47:40 DEBUG    rasa.engine.graph  - Node 'select_prediction' running 'DefaultPolicyPredictionEnsemble.combine_predictions_from_kwargs'.
2025-04-29 09:47:40 DEBUG    rasa.core.policies.ensemble  - Predicted next action using RulePolicy.
2025-04-29 09:47:40 DEBUG    rasa.core.processor  - Predicted next action 'action_listen' with confidence 1.00.
2025-04-29 09:47:40 DEBUG    rasa.core.processor  - [debug    ] processor.actions.policy_prediction prediction_events=[]
2025-04-29 09:47:40 DEBUG    rasa.core.processor  - [debug    ] processor.actions.log          action_name=action_listen rasa_events=[]
2025-04-29 09:47:40 DEBUG    rasa.core.tracker_store  - No event broker configured. Skipping streaming events.
2025-04-29 09:47:40 DEBUG    rasa.core.lock_store  - Deleted lock for conversation 'PractikumStudent'.
2025-04-29 09:47:44 DEBUG    rasa.core.lock_store  - Issuing ticket for conversation 'PractikumStudent'.
2025-04-29 09:47:44 DEBUG    rasa.core.lock_store  - Acquiring lock for conversation 'PractikumStudent'.
2025-04-29 09:47:44 DEBUG    rasa.core.lock_store  - Acquired lock for conversation 'PractikumStudent'.
2025-04-29 09:47:44 DEBUG    rasa.core.tracker_store  - Recreating tracker for id 'PractikumStudent'
2025-04-29 09:47:44 DEBUG    rasa.engine.runner.dask  - Running graph with inputs: {'__message__': [<rasa.core.channels.channel.UserMessage object at 0x74f1d0913df0>], '__tracker__': <rasa.shared.core.trackers.DialogueStateTracker object at 0x74f1f06917e0>}, targets: ['run_RegexMessageHandler'] and ExecutionContext(model_id='5ed29902bd4a432a8d890ee2f21e7684', should_add_diagnostic_data=False, is_finetuning=False, node_name=None).
2025-04-29 09:47:44 DEBUG    rasa.engine.graph  - Node 'nlu_message_converter' running 'NLUMessageConverter.convert_user_message'.
2025-04-29 09:47:44 DEBUG    rasa.engine.graph  - Node 'run_WhitespaceTokenizer0' running 'WhitespaceTokenizer.process'.
2025-04-29 09:47:44 DEBUG    rasa.engine.graph  - Node 'run_RegexFeaturizer1' running 'RegexFeaturizer.process'.
2025-04-29 09:47:44 DEBUG    rasa.engine.graph  - Node 'run_LexicalSyntacticFeaturizer2' running 'LexicalSyntacticFeaturizer.process'.
2025-04-29 09:47:44 DEBUG    rasa.engine.graph  - Node 'run_CountVectorsFeaturizer3' running 'CountVectorsFeaturizer.process'.
2025-04-29 09:47:44 DEBUG    rasa.engine.graph  - Node 'run_LanguageModelFeaturizer4' running 'LanguageModelFeaturizer.process'.
2025-04-29 09:47:44 DEBUG    rasa.engine.graph  - Node 'run_DIETClassifier5' running 'DIETClassifier.process'.
2025-04-29 09:47:44 DEBUG    rasa.engine.graph  - Node 'run_EntitySynonymMapper6' running 'EntitySynonymMapper.process'.
2025-04-29 09:47:44 DEBUG    rasa.engine.graph  - Node 'run_ResponseSelector7' running 'ResponseSelector.process'.
2025-04-29 09:47:44 DEBUG    rasa.nlu.classifiers.diet_classifier  - There is no trained model for 'ResponseSelector': The component is either not trained or didn't receive enough training data.
2025-04-29 09:47:44 DEBUG    rasa.nlu.selectors.response_selector  - Adding following selector key to message property: default
2025-04-29 09:47:44 DEBUG    rasa.engine.graph  - Node 'domain_provider' running 'DomainProvider.provide_inference'.
2025-04-29 09:47:44 DEBUG    rasa.engine.graph  - Node 'run_RegexMessageHandler' running 'RegexMessageHandler.process'.
2025-04-29 09:47:44 DEBUG    rasa.core.processor  - [debug    ] processor.message.parse        parse_data_entities=[] parse_data_intent={'name': 'ask_architecture', 'confidence': 0.19896729290485382} parse_data_text=Какие паттерны существуют в архитектуре?
2025-04-29 09:47:44 DEBUG    rasa.core.processor  - Logged UserUtterance - tracker now has 10 events.
2025-04-29 09:47:44 DEBUG    rasa.core.actions.action  - Validating extracted slots: topic
2025-04-29 09:47:44 DEBUG    rasa.core.processor  - [debug    ] processor.extract.slots        action_extract_slot=action_extract_slots len_extraction_events=1 rasa_events=[SlotSet(key: topic, value: Какие паттерны существуют в архитектуре?)]
2025-04-29 09:47:44 DEBUG    rasa.engine.runner.dask  - Running graph with inputs: {'__tracker__': <rasa.shared.core.trackers.DialogueStateTracker object at 0x74f1f06917e0>}, targets: ['select_prediction'] and ExecutionContext(model_id='5ed29902bd4a432a8d890ee2f21e7684', should_add_diagnostic_data=False, is_finetuning=False, node_name=None).
2025-04-29 09:47:44 DEBUG    rasa.engine.graph  - Node 'rule_only_data_provider' running 'RuleOnlyDataProvider.provide'.
2025-04-29 09:47:44 DEBUG    rasa.engine.graph  - Node 'domain_provider' running 'DomainProvider.provide_inference'.
2025-04-29 09:47:44 DEBUG    rasa.engine.graph  - Node 'run_MemoizationPolicy0' running 'MemoizationPolicy.predict_action_probabilities'.
2025-04-29 09:47:44 DEBUG    rasa.core.policies.memoization  - [debug    ] memoization.predict.actions    tracker_states=[{'user': {'intent': 'greet'}, 'prev_action': {'action_name': 'utter_greet'}}, {'user': {'intent': 'ask_architecture'}, 'prev_action': {'action_name': 'action_listen'}}]
2025-04-29 09:47:44 DEBUG    rasa.core.policies.memoization  - There is a memorised next action 'utter_architecture_response'
2025-04-29 09:47:44 DEBUG    rasa.engine.graph  - Node 'run_RulePolicy1' running 'RulePolicy.predict_action_probabilities'.
2025-04-29 09:47:44 DEBUG    rasa.core.policies.rule_policy  - [debug    ] rule_policy.actions.find       current_states=
[state 1] user intent: greet | previous action name: action_listen
[state 2] user intent: greet | previous action name: utter_greet
[state 3] user text: Какие паттерны существуют в архитектуре? | previous action name: action_listen
2025-04-29 09:47:44 DEBUG    rasa.core.policies.rule_policy  - There is no applicable rule.
2025-04-29 09:47:44 DEBUG    rasa.core.policies.rule_policy  - [debug    ] rule_policy.actions.find       current_states=
[state 1] user intent: greet | previous action name: action_listen
[state 2] user intent: greet | previous action name: utter_greet
[state 3] user intent: ask_architecture | previous action name: action_listen
2025-04-29 09:47:44 DEBUG    rasa.core.policies.rule_policy  - There is a rule for the next action 'utter_architecture_response'.
2025-04-29 09:47:44 DEBUG    rasa.engine.graph  - Node 'run_TEDPolicy2' running 'TEDPolicy.predict_action_probabilities'.
2025-04-29 09:47:44 DEBUG    rasa.core.policies.ted_policy  - TED predicted 'action_listen' based on user intent.
2025-04-29 09:47:44 DEBUG    rasa.engine.graph  - Node 'select_prediction' running 'DefaultPolicyPredictionEnsemble.combine_predictions_from_kwargs'.
2025-04-29 09:47:44 DEBUG    rasa.core.policies.ensemble  - Made prediction using user intent.
2025-04-29 09:47:44 DEBUG    rasa.core.policies.ensemble  - Added `DefinePrevUserUtteredFeaturization(False)` event.
2025-04-29 09:47:44 DEBUG    rasa.core.policies.ensemble  - Predicted next action using RulePolicy.
2025-04-29 09:47:44 DEBUG    rasa.core.processor  - Predicted next action 'utter_architecture_response' with confidence 1.00.
2025-04-29 09:47:44 DEBUG    rasa.core.processor  - [debug    ] processor.actions.policy_prediction prediction_events=[<rasa.shared.core.events.DefinePrevUserUtteredFeaturization object at 0x74f19b7f28f0>]
2025-04-29 09:47:44 DEBUG    rasa.core.processor  - [debug    ] processor.actions.log          action_name=utter_architecture_response rasa_events=[BotUttered('Архитектура ПО включает выбор структур, которые обеспечивают масштабируемость, гибкость и поддерживаемость приложения. Задайте конкретный вопрос по этой теме, и я помогу вам с информацией.', {"elements": null, "quick_replies": null, "buttons": null, "attachment": null, "image": null, "custom": null}, {"utter_action": "utter_architecture_response"}, 1745920064.7765899)]
2025-04-29 09:47:44 DEBUG    rasa.engine.runner.dask  - Running graph with inputs: {'__tracker__': <rasa.shared.core.trackers.DialogueStateTracker object at 0x74f1f06917e0>}, targets: ['select_prediction'] and ExecutionContext(model_id='5ed29902bd4a432a8d890ee2f21e7684', should_add_diagnostic_data=False, is_finetuning=False, node_name=None).
2025-04-29 09:47:44 DEBUG    rasa.engine.graph  - Node 'rule_only_data_provider' running 'RuleOnlyDataProvider.provide'.
2025-04-29 09:47:44 DEBUG    rasa.engine.graph  - Node 'domain_provider' running 'DomainProvider.provide_inference'.
2025-04-29 09:47:44 DEBUG    rasa.engine.graph  - Node 'run_MemoizationPolicy0' running 'MemoizationPolicy.predict_action_probabilities'.
2025-04-29 09:47:44 DEBUG    rasa.core.policies.memoization  - [debug    ] memoization.predict.actions    tracker_states=[{'user': {'intent': 'ask_architecture'}, 'prev_action': {'action_name': 'action_listen'}}, {'user': {'intent': 'ask_architecture'}, 'prev_action': {'action_name': 'utter_architecture_response'}}]
2025-04-29 09:47:44 DEBUG    rasa.core.policies.memoization  - There is a memorised next action 'action_listen'
2025-04-29 09:47:44 DEBUG    rasa.engine.graph  - Node 'run_RulePolicy1' running 'RulePolicy.predict_action_probabilities'.
2025-04-29 09:47:44 DEBUG    rasa.core.policies.rule_policy  - [debug    ] rule_policy.actions.find       current_states=
[state 1] user intent: greet | previous action name: action_listen
[state 2] user intent: greet | previous action name: utter_greet
[state 3] user intent: ask_architecture | previous action name: action_listen
[state 4] user intent: ask_architecture | previous action name: utter_architecture_response
2025-04-29 09:47:44 DEBUG    rasa.core.policies.rule_policy  - There is a rule for the next action 'action_listen'.
2025-04-29 09:47:44 DEBUG    rasa.engine.graph  - Node 'run_TEDPolicy2' running 'TEDPolicy.predict_action_probabilities'.
2025-04-29 09:47:44 DEBUG    rasa.core.policies.ted_policy  - TED predicted 'action_listen' based on user intent.
2025-04-29 09:47:44 DEBUG    rasa.engine.graph  - Node 'select_prediction' running 'DefaultPolicyPredictionEnsemble.combine_predictions_from_kwargs'.
2025-04-29 09:47:44 DEBUG    rasa.core.policies.ensemble  - Predicted next action using RulePolicy.
2025-04-29 09:47:44 DEBUG    rasa.core.processor  - Predicted next action 'action_listen' with confidence 1.00.
2025-04-29 09:47:44 DEBUG    rasa.core.processor  - [debug    ] processor.actions.policy_prediction prediction_events=[]
2025-04-29 09:47:44 DEBUG    rasa.core.processor  - [debug    ] processor.actions.log          action_name=action_listen rasa_events=[]
2025-04-29 09:47:44 DEBUG    rasa.core.tracker_store  - No event broker configured. Skipping streaming events.
2025-04-29 09:47:44 DEBUG    rasa.core.lock_store  - Deleted lock for conversation 'PractikumStudent'.
2025-04-29 09:47:48 DEBUG    rasa.core.lock_store  - Issuing ticket for conversation 'PractikumStudent'.
2025-04-29 09:47:48 DEBUG    rasa.core.lock_store  - Acquiring lock for conversation 'PractikumStudent'.
2025-04-29 09:47:48 DEBUG    rasa.core.lock_store  - Acquired lock for conversation 'PractikumStudent'.
2025-04-29 09:47:48 DEBUG    rasa.core.tracker_store  - Recreating tracker for id 'PractikumStudent'
2025-04-29 09:47:48 DEBUG    rasa.engine.runner.dask  - Running graph with inputs: {'__message__': [<rasa.core.channels.channel.UserMessage object at 0x74f1d0913e50>], '__tracker__': <rasa.shared.core.trackers.DialogueStateTracker object at 0x74f1d09c43d0>}, targets: ['run_RegexMessageHandler'] and ExecutionContext(model_id='5ed29902bd4a432a8d890ee2f21e7684', should_add_diagnostic_data=False, is_finetuning=False, node_name=None).
2025-04-29 09:47:48 DEBUG    rasa.engine.graph  - Node 'nlu_message_converter' running 'NLUMessageConverter.convert_user_message'.
2025-04-29 09:47:48 DEBUG    rasa.engine.graph  - Node 'run_WhitespaceTokenizer0' running 'WhitespaceTokenizer.process'.
2025-04-29 09:47:48 DEBUG    rasa.engine.graph  - Node 'run_RegexFeaturizer1' running 'RegexFeaturizer.process'.
2025-04-29 09:47:48 DEBUG    rasa.engine.graph  - Node 'run_LexicalSyntacticFeaturizer2' running 'LexicalSyntacticFeaturizer.process'.
2025-04-29 09:47:48 DEBUG    rasa.engine.graph  - Node 'run_CountVectorsFeaturizer3' running 'CountVectorsFeaturizer.process'.
2025-04-29 09:47:48 DEBUG    rasa.engine.graph  - Node 'run_LanguageModelFeaturizer4' running 'LanguageModelFeaturizer.process'.
2025-04-29 09:47:48 DEBUG    rasa.engine.graph  - Node 'run_DIETClassifier5' running 'DIETClassifier.process'.
2025-04-29 09:47:48 DEBUG    rasa.engine.graph  - Node 'run_EntitySynonymMapper6' running 'EntitySynonymMapper.process'.
2025-04-29 09:47:48 DEBUG    rasa.engine.graph  - Node 'run_ResponseSelector7' running 'ResponseSelector.process'.
2025-04-29 09:47:48 DEBUG    rasa.nlu.classifiers.diet_classifier  - There is no trained model for 'ResponseSelector': The component is either not trained or didn't receive enough training data.
2025-04-29 09:47:48 DEBUG    rasa.nlu.selectors.response_selector  - Adding following selector key to message property: default
2025-04-29 09:47:48 DEBUG    rasa.engine.graph  - Node 'domain_provider' running 'DomainProvider.provide_inference'.
2025-04-29 09:47:48 DEBUG    rasa.engine.graph  - Node 'run_RegexMessageHandler' running 'RegexMessageHandler.process'.
2025-04-29 09:47:48 DEBUG    rasa.core.processor  - [debug    ] processor.message.parse        parse_data_entities=[] parse_data_intent={'name': 'ask_microservices', 'confidence': 0.11942087858915329} parse_data_text=Преимущества микросервисов?
/opt/venv/lib/python3.10/site-packages/rasa/shared/utils/io.py:100: UserWarning: Parsed an intent 'ask_microservices' which is not defined in the domain. Please make sure all intents are listed in the domain.
  More info at https://rasa.com/docs/rasa/domain
2025-04-29 09:47:48 DEBUG    rasa.core.processor  - Logged UserUtterance - tracker now has 16 events.
2025-04-29 09:47:48 DEBUG    rasa.core.actions.action  - Validating extracted slots: topic
2025-04-29 09:47:48 DEBUG    rasa.core.processor  - [debug    ] processor.extract.slots        action_extract_slot=action_extract_slots len_extraction_events=1 rasa_events=[SlotSet(key: topic, value: Преимущества микросервисов?)]
2025-04-29 09:47:48 DEBUG    rasa.engine.runner.dask  - Running graph with inputs: {'__tracker__': <rasa.shared.core.trackers.DialogueStateTracker object at 0x74f1d09c43d0>}, targets: ['select_prediction'] and ExecutionContext(model_id='5ed29902bd4a432a8d890ee2f21e7684', should_add_diagnostic_data=False, is_finetuning=False, node_name=None).
2025-04-29 09:47:48 DEBUG    rasa.engine.graph  - Node 'rule_only_data_provider' running 'RuleOnlyDataProvider.provide'.
2025-04-29 09:47:48 DEBUG    rasa.engine.graph  - Node 'domain_provider' running 'DomainProvider.provide_inference'.
2025-04-29 09:47:48 DEBUG    rasa.engine.graph  - Node 'run_MemoizationPolicy0' running 'MemoizationPolicy.predict_action_probabilities'.
2025-04-29 09:47:48 DEBUG    rasa.core.policies.memoization  - [debug    ] memoization.predict.actions    tracker_states=[{'user': {'intent': 'ask_architecture'}, 'prev_action': {'action_name': 'utter_architecture_response'}}, {'user': {'intent': 'ask_microservices'}, 'prev_action': {'action_name': 'action_listen'}}]
2025-04-29 09:47:48 DEBUG    rasa.core.policies.memoization  - There is no memorised next action
2025-04-29 09:47:48 DEBUG    rasa.engine.graph  - Node 'run_RulePolicy1' running 'RulePolicy.predict_action_probabilities'.
2025-04-29 09:47:48 DEBUG    rasa.core.policies.rule_policy  - [debug    ] rule_policy.actions.find       current_states=
[state 1] user intent: greet | previous action name: action_listen
[state 2] user intent: greet | previous action name: utter_greet
[state 3] user intent: ask_architecture | previous action name: action_listen
[state 4] user intent: ask_architecture | previous action name: utter_architecture_response
[state 5] user text: Преимущества микросервисов? | previous action name: action_listen
2025-04-29 09:47:48 DEBUG    rasa.core.policies.rule_policy  - There is no applicable rule.
2025-04-29 09:47:48 DEBUG    rasa.core.policies.rule_policy  - [debug    ] rule_policy.actions.find       current_states=
[state 1] user intent: greet | previous action name: action_listen
[state 2] user intent: greet | previous action name: utter_greet
[state 3] user intent: ask_architecture | previous action name: action_listen
[state 4] user intent: ask_architecture | previous action name: utter_architecture_response
[state 5] user intent: ask_microservices | previous action name: action_listen
2025-04-29 09:47:48 DEBUG    rasa.core.policies.rule_policy  - There is a rule for the next action 'utter_microservices'.
2025-04-29 09:47:48 DEBUG    rasa.engine.graph  - Node 'run_TEDPolicy2' running 'TEDPolicy.predict_action_probabilities'.
2025-04-29 09:47:48 DEBUG    rasa.core.policies.ted_policy  - TED predicted 'utter_greet' based on user intent.
2025-04-29 09:47:48 DEBUG    rasa.engine.graph  - Node 'select_prediction' running 'DefaultPolicyPredictionEnsemble.combine_predictions_from_kwargs'.
2025-04-29 09:47:48 DEBUG    rasa.core.policies.ensemble  - Made prediction using user intent.
2025-04-29 09:47:48 DEBUG    rasa.core.policies.ensemble  - Added `DefinePrevUserUtteredFeaturization(False)` event.
2025-04-29 09:47:48 DEBUG    rasa.core.policies.ensemble  - Predicted next action using RulePolicy.
2025-04-29 09:47:48 DEBUG    rasa.core.processor  - Predicted next action 'utter_microservices' with confidence 1.00.
2025-04-29 09:47:48 DEBUG    rasa.core.processor  - [debug    ] processor.actions.policy_prediction prediction_events=[<rasa.shared.core.events.DefinePrevUserUtteredFeaturization object at 0x74f19b7f2290>]
2025-04-29 09:47:48 DEBUG    rasa.core.processor  - [debug    ] processor.actions.log          action_name=utter_microservices rasa_events=[BotUttered('Микросервисная архитектура разделяет систему на независимые сервисы. Это облегчает масштабирование и поддержку, но увеличивает сложность.', {"elements": null, "quick_replies": null, "buttons": null, "attachment": null, "image": null, "custom": null}, {"utter_action": "utter_microservices"}, 1745920068.6374476)]
2025-04-29 09:47:48 DEBUG    rasa.engine.runner.dask  - Running graph with inputs: {'__tracker__': <rasa.shared.core.trackers.DialogueStateTracker object at 0x74f1d09c43d0>}, targets: ['select_prediction'] and ExecutionContext(model_id='5ed29902bd4a432a8d890ee2f21e7684', should_add_diagnostic_data=False, is_finetuning=False, node_name=None).
2025-04-29 09:47:48 DEBUG    rasa.engine.graph  - Node 'rule_only_data_provider' running 'RuleOnlyDataProvider.provide'.
2025-04-29 09:47:48 DEBUG    rasa.engine.graph  - Node 'domain_provider' running 'DomainProvider.provide_inference'.
2025-04-29 09:47:48 DEBUG    rasa.engine.graph  - Node 'run_MemoizationPolicy0' running 'MemoizationPolicy.predict_action_probabilities'.
2025-04-29 09:47:48 DEBUG    rasa.core.policies.memoization  - [debug    ] memoization.predict.actions    tracker_states=[{'user': {'intent': 'ask_architecture'}, 'prev_action': {'action_name': 'utter_architecture_response'}}, {'user': {'intent': 'ask_architecture'}, 'prev_action': {'action_name': 'action_listen'}}]
2025-04-29 09:47:48 DEBUG    rasa.core.policies.memoization  - There is no memorised next action
2025-04-29 09:47:48 DEBUG    rasa.engine.graph  - Node 'run_RulePolicy1' running 'RulePolicy.predict_action_probabilities'.
2025-04-29 09:47:48 DEBUG    rasa.core.policies.rule_policy  - [debug    ] rule_policy.actions.find       current_states=
[state 1] user intent: greet | previous action name: action_listen
[state 2] user intent: greet | previous action name: utter_greet
[state 3] user intent: ask_architecture | previous action name: action_listen
[state 4] user intent: ask_architecture | previous action name: utter_architecture_response
[state 5] user intent: ask_microservices | previous action name: action_listen
[state 6] user intent: ask_microservices | previous action name: utter_microservices
2025-04-29 09:47:48 DEBUG    rasa.core.policies.rule_policy  - There is a rule for the next action 'action_listen'.
2025-04-29 09:47:48 DEBUG    rasa.engine.graph  - Node 'run_TEDPolicy2' running 'TEDPolicy.predict_action_probabilities'.
2025-04-29 09:47:48 DEBUG    rasa.core.policies.ted_policy  - TED predicted 'action_listen' based on user intent.
2025-04-29 09:47:48 DEBUG    rasa.engine.graph  - Node 'select_prediction' running 'DefaultPolicyPredictionEnsemble.combine_predictions_from_kwargs'.
2025-04-29 09:47:48 DEBUG    rasa.core.policies.ensemble  - Predicted next action using RulePolicy.
2025-04-29 09:47:48 DEBUG    rasa.core.processor  - Predicted next action 'action_listen' with confidence 1.00.
2025-04-29 09:47:48 DEBUG    rasa.core.processor  - [debug    ] processor.actions.policy_prediction prediction_events=[]
2025-04-29 09:47:48 DEBUG    rasa.core.processor  - [debug    ] processor.actions.log          action_name=action_listen rasa_events=[]
2025-04-29 09:47:48 DEBUG    rasa.core.tracker_store  - No event broker configured. Skipping streaming events.
2025-04-29 09:47:48 DEBUG    rasa.core.lock_store  - Deleted lock for conversation 'PractikumStudent'.
2025-04-29 09:47:52 DEBUG    rasa.core.lock_store  - Issuing ticket for conversation 'PractikumStudent'.
2025-04-29 09:47:52 DEBUG    rasa.core.lock_store  - Acquiring lock for conversation 'PractikumStudent'.
2025-04-29 09:47:52 DEBUG    rasa.core.lock_store  - Acquired lock for conversation 'PractikumStudent'.
2025-04-29 09:47:52 DEBUG    rasa.core.tracker_store  - Recreating tracker for id 'PractikumStudent'
2025-04-29 09:47:52 DEBUG    rasa.engine.runner.dask  - Running graph with inputs: {'__message__': [<rasa.core.channels.channel.UserMessage object at 0x74f1d0913e50>], '__tracker__': <rasa.shared.core.trackers.DialogueStateTracker object at 0x74f1d09c43d0>}, targets: ['run_RegexMessageHandler'] and ExecutionContext(model_id='5ed29902bd4a432a8d890ee2f21e7684', should_add_diagnostic_data=False, is_finetuning=False, node_name=None).
2025-04-29 09:47:52 DEBUG    rasa.engine.graph  - Node 'nlu_message_converter' running 'NLUMessageConverter.convert_user_message'.
2025-04-29 09:47:52 DEBUG    rasa.engine.graph  - Node 'run_WhitespaceTokenizer0' running 'WhitespaceTokenizer.process'.
2025-04-29 09:47:52 DEBUG    rasa.engine.graph  - Node 'run_RegexFeaturizer1' running 'RegexFeaturizer.process'.
2025-04-29 09:47:52 DEBUG    rasa.engine.graph  - Node 'run_LexicalSyntacticFeaturizer2' running 'LexicalSyntacticFeaturizer.process'.
2025-04-29 09:47:52 DEBUG    rasa.engine.graph  - Node 'run_CountVectorsFeaturizer3' running 'CountVectorsFeaturizer.process'.
2025-04-29 09:47:52 DEBUG    rasa.engine.graph  - Node 'run_LanguageModelFeaturizer4' running 'LanguageModelFeaturizer.process'.
2025-04-29 09:47:53 DEBUG    rasa.engine.graph  - Node 'run_DIETClassifier5' running 'DIETClassifier.process'.
2025-04-29 09:47:53 DEBUG    rasa.engine.graph  - Node 'run_EntitySynonymMapper6' running 'EntitySynonymMapper.process'.
2025-04-29 09:47:53 DEBUG    rasa.engine.graph  - Node 'run_ResponseSelector7' running 'ResponseSelector.process'.
2025-04-29 09:47:53 DEBUG    rasa.nlu.classifiers.diet_classifier  - There is no trained model for 'ResponseSelector': The component is either not trained or didn't receive enough training data.
2025-04-29 09:47:53 DEBUG    rasa.nlu.selectors.response_selector  - Adding following selector key to message property: default
2025-04-29 09:47:53 DEBUG    rasa.engine.graph  - Node 'domain_provider' running 'DomainProvider.provide_inference'.
2025-04-29 09:47:53 DEBUG    rasa.engine.graph  - Node 'run_RegexMessageHandler' running 'RegexMessageHandler.process'.
2025-04-29 09:47:53 DEBUG    rasa.core.processor  - [debug    ] processor.message.parse        parse_data_entities=[] parse_data_intent={'name': 'ask_monolith', 'confidence': 0.1643434315919876} parse_data_text=А что такое монолит?
/opt/venv/lib/python3.10/site-packages/rasa/shared/utils/io.py:100: UserWarning: Parsed an intent 'ask_monolith' which is not defined in the domain. Please make sure all intents are listed in the domain.
  More info at https://rasa.com/docs/rasa/domain
2025-04-29 09:47:53 DEBUG    rasa.core.processor  - Logged UserUtterance - tracker now has 22 events.
2025-04-29 09:47:53 DEBUG    rasa.core.actions.action  - Validating extracted slots: topic
2025-04-29 09:47:53 DEBUG    rasa.core.processor  - [debug    ] processor.extract.slots        action_extract_slot=action_extract_slots len_extraction_events=1 rasa_events=[SlotSet(key: topic, value: А что такое монолит?)]
2025-04-29 09:47:53 DEBUG    rasa.engine.runner.dask  - Running graph with inputs: {'__tracker__': <rasa.shared.core.trackers.DialogueStateTracker object at 0x74f1d09c43d0>}, targets: ['select_prediction'] and ExecutionContext(model_id='5ed29902bd4a432a8d890ee2f21e7684', should_add_diagnostic_data=False, is_finetuning=False, node_name=None).
2025-04-29 09:47:53 DEBUG    rasa.engine.graph  - Node 'rule_only_data_provider' running 'RuleOnlyDataProvider.provide'.
2025-04-29 09:47:53 DEBUG    rasa.engine.graph  - Node 'domain_provider' running 'DomainProvider.provide_inference'.
2025-04-29 09:47:53 DEBUG    rasa.engine.graph  - Node 'run_MemoizationPolicy0' running 'MemoizationPolicy.predict_action_probabilities'.
2025-04-29 09:47:53 DEBUG    rasa.core.policies.memoization  - [debug    ] memoization.predict.actions    tracker_states=[{'user': {'intent': 'ask_architecture'}, 'prev_action': {'action_name': 'utter_architecture_response'}}, {'user': {'intent': 'ask_monolith'}, 'prev_action': {'action_name': 'action_listen'}}]
2025-04-29 09:47:53 DEBUG    rasa.core.policies.memoization  - There is no memorised next action
2025-04-29 09:47:53 DEBUG    rasa.engine.graph  - Node 'run_RulePolicy1' running 'RulePolicy.predict_action_probabilities'.
2025-04-29 09:47:53 DEBUG    rasa.core.policies.rule_policy  - [debug    ] rule_policy.actions.find       current_states=
[state 1] user intent: greet | previous action name: action_listen
[state 2] user intent: greet | previous action name: utter_greet
[state 3] user intent: ask_architecture | previous action name: action_listen
[state 4] user intent: ask_architecture | previous action name: utter_architecture_response
[state 5] user intent: ask_microservices | previous action name: action_listen
[state 6] user intent: ask_microservices | previous action name: utter_microservices
[state 7] user text: А что такое монолит? | previous action name: action_listen
2025-04-29 09:47:53 DEBUG    rasa.core.policies.rule_policy  - There is no applicable rule.
2025-04-29 09:47:53 DEBUG    rasa.core.policies.rule_policy  - [debug    ] rule_policy.actions.find       current_states=
[state 1] user intent: greet | previous action name: action_listen
[state 2] user intent: greet | previous action name: utter_greet
[state 3] user intent: ask_architecture | previous action name: action_listen
[state 4] user intent: ask_architecture | previous action name: utter_architecture_response
[state 5] user intent: ask_microservices | previous action name: action_listen
[state 6] user intent: ask_microservices | previous action name: utter_microservices
[state 7] user intent: ask_monolith | previous action name: action_listen
2025-04-29 09:47:53 DEBUG    rasa.core.policies.rule_policy  - There is a rule for the next action 'utter_monolith'.
2025-04-29 09:47:53 DEBUG    rasa.engine.graph  - Node 'run_TEDPolicy2' running 'TEDPolicy.predict_action_probabilities'.
2025-04-29 09:47:53 DEBUG    rasa.core.policies.ted_policy  - TED predicted 'utter_greet' based on user intent.
2025-04-29 09:47:53 DEBUG    rasa.engine.graph  - Node 'select_prediction' running 'DefaultPolicyPredictionEnsemble.combine_predictions_from_kwargs'.
2025-04-29 09:47:53 DEBUG    rasa.core.policies.ensemble  - Made prediction using user intent.
2025-04-29 09:47:53 DEBUG    rasa.core.policies.ensemble  - Added `DefinePrevUserUtteredFeaturization(False)` event.
2025-04-29 09:47:53 DEBUG    rasa.core.policies.ensemble  - Predicted next action using RulePolicy.
2025-04-29 09:47:53 DEBUG    rasa.core.processor  - Predicted next action 'utter_monolith' with confidence 1.00.
2025-04-29 09:47:53 DEBUG    rasa.core.processor  - [debug    ] processor.actions.policy_prediction prediction_events=[<rasa.shared.core.events.DefinePrevUserUtteredFeaturization object at 0x74f19b7f0190>]
2025-04-29 09:47:53 DEBUG    rasa.core.processor  - [debug    ] processor.actions.log          action_name=utter_monolith rasa_events=[BotUttered('Монолит — это архитектурный стиль, где всё приложение представляет собой единое целое. Он проще в разработке, но сложнее в масштабировании.', {"elements": null, "quick_replies": null, "buttons": null, "attachment": null, "image": null, "custom": null}, {"utter_action": "utter_monolith"}, 1745920073.0865958)]
2025-04-29 09:47:53 DEBUG    rasa.engine.runner.dask  - Running graph with inputs: {'__tracker__': <rasa.shared.core.trackers.DialogueStateTracker object at 0x74f1d09c43d0>}, targets: ['select_prediction'] and ExecutionContext(model_id='5ed29902bd4a432a8d890ee2f21e7684', should_add_diagnostic_data=False, is_finetuning=False, node_name=None).
2025-04-29 09:47:53 DEBUG    rasa.engine.graph  - Node 'rule_only_data_provider' running 'RuleOnlyDataProvider.provide'.
2025-04-29 09:47:53 DEBUG    rasa.engine.graph  - Node 'domain_provider' running 'DomainProvider.provide_inference'.
2025-04-29 09:47:53 DEBUG    rasa.engine.graph  - Node 'run_MemoizationPolicy0' running 'MemoizationPolicy.predict_action_probabilities'.
2025-04-29 09:47:53 DEBUG    rasa.core.policies.memoization  - [debug    ] memoization.predict.actions    tracker_states=[{'user': {'intent': 'ask_architecture'}, 'prev_action': {'action_name': 'utter_architecture_response'}}, {'user': {'intent': 'ask_architecture'}, 'prev_action': {'action_name': 'action_listen'}}]
2025-04-29 09:47:53 DEBUG    rasa.core.policies.memoization  - There is no memorised next action
2025-04-29 09:47:53 DEBUG    rasa.engine.graph  - Node 'run_RulePolicy1' running 'RulePolicy.predict_action_probabilities'.
2025-04-29 09:47:53 DEBUG    rasa.core.policies.rule_policy  - [debug    ] rule_policy.actions.find       current_states=
[state 1] user intent: greet | previous action name: action_listen
[state 2] user intent: greet | previous action name: utter_greet
[state 3] user intent: ask_architecture | previous action name: action_listen
[state 4] user intent: ask_architecture | previous action name: utter_architecture_response
[state 5] user intent: ask_microservices | previous action name: action_listen
[state 6] user intent: ask_microservices | previous action name: utter_microservices
[state 7] user intent: ask_monolith | previous action name: action_listen
[state 8] user intent: ask_monolith | previous action name: utter_monolith
2025-04-29 09:47:53 DEBUG    rasa.core.policies.rule_policy  - There is a rule for the next action 'action_listen'.
2025-04-29 09:47:53 DEBUG    rasa.engine.graph  - Node 'run_TEDPolicy2' running 'TEDPolicy.predict_action_probabilities'.
2025-04-29 09:47:53 DEBUG    rasa.core.policies.ted_policy  - TED predicted 'action_listen' based on user intent.
2025-04-29 09:47:53 DEBUG    rasa.engine.graph  - Node 'select_prediction' running 'DefaultPolicyPredictionEnsemble.combine_predictions_from_kwargs'.
2025-04-29 09:47:53 DEBUG    rasa.core.policies.ensemble  - Predicted next action using RulePolicy.
2025-04-29 09:47:53 DEBUG    rasa.core.processor  - Predicted next action 'action_listen' with confidence 1.00.
2025-04-29 09:47:53 DEBUG    rasa.core.processor  - [debug    ] processor.actions.policy_prediction prediction_events=[]
2025-04-29 09:47:53 DEBUG    rasa.core.processor  - [debug    ] processor.actions.log          action_name=action_listen rasa_events=[]
2025-04-29 09:47:53 DEBUG    rasa.core.tracker_store  - No event broker configured. Skipping streaming events.
2025-04-29 09:47:53 DEBUG    rasa.core.lock_store  - Deleted lock for conversation 'PractikumStudent'.
2025-04-29 09:47:58 DEBUG    rasa.core.lock_store  - Issuing ticket for conversation 'PractikumStudent'.
2025-04-29 09:47:58 DEBUG    rasa.core.lock_store  - Acquiring lock for conversation 'PractikumStudent'.
2025-04-29 09:47:58 DEBUG    rasa.core.lock_store  - Acquired lock for conversation 'PractikumStudent'.
2025-04-29 09:47:58 DEBUG    rasa.core.tracker_store  - Recreating tracker for id 'PractikumStudent'
2025-04-29 09:47:58 DEBUG    rasa.engine.runner.dask  - Running graph with inputs: {'__message__': [<rasa.core.channels.channel.UserMessage object at 0x74f1d0913e50>], '__tracker__': <rasa.shared.core.trackers.DialogueStateTracker object at 0x74f1d09c43d0>}, targets: ['run_RegexMessageHandler'] and ExecutionContext(model_id='5ed29902bd4a432a8d890ee2f21e7684', should_add_diagnostic_data=False, is_finetuning=False, node_name=None).
2025-04-29 09:47:58 DEBUG    rasa.engine.graph  - Node 'nlu_message_converter' running 'NLUMessageConverter.convert_user_message'.
2025-04-29 09:47:58 DEBUG    rasa.engine.graph  - Node 'run_WhitespaceTokenizer0' running 'WhitespaceTokenizer.process'.
2025-04-29 09:47:58 DEBUG    rasa.engine.graph  - Node 'run_RegexFeaturizer1' running 'RegexFeaturizer.process'.
2025-04-29 09:47:58 DEBUG    rasa.engine.graph  - Node 'run_LexicalSyntacticFeaturizer2' running 'LexicalSyntacticFeaturizer.process'.
2025-04-29 09:47:58 DEBUG    rasa.engine.graph  - Node 'run_CountVectorsFeaturizer3' running 'CountVectorsFeaturizer.process'.
2025-04-29 09:47:58 DEBUG    rasa.engine.graph  - Node 'run_LanguageModelFeaturizer4' running 'LanguageModelFeaturizer.process'.
2025-04-29 09:47:58 DEBUG    rasa.engine.graph  - Node 'run_DIETClassifier5' running 'DIETClassifier.process'.
2025-04-29 09:47:58 DEBUG    rasa.engine.graph  - Node 'run_EntitySynonymMapper6' running 'EntitySynonymMapper.process'.
2025-04-29 09:47:58 DEBUG    rasa.engine.graph  - Node 'run_ResponseSelector7' running 'ResponseSelector.process'.
2025-04-29 09:47:58 DEBUG    rasa.nlu.classifiers.diet_classifier  - There is no trained model for 'ResponseSelector': The component is either not trained or didn't receive enough training data.
2025-04-29 09:47:58 DEBUG    rasa.nlu.selectors.response_selector  - Adding following selector key to message property: default
2025-04-29 09:47:58 DEBUG    rasa.engine.graph  - Node 'domain_provider' running 'DomainProvider.provide_inference'.
2025-04-29 09:47:58 DEBUG    rasa.engine.graph  - Node 'run_RegexMessageHandler' running 'RegexMessageHandler.process'.
2025-04-29 09:47:58 DEBUG    rasa.core.processor  - [debug    ] processor.message.parse        parse_data_entities=[] parse_data_intent={'name': 'ask_best_practices', 'confidence': 0.1288256198167801} parse_data_text=Что важно учитывать при проектировании?
/opt/venv/lib/python3.10/site-packages/rasa/shared/utils/io.py:100: UserWarning: Parsed an intent 'ask_best_practices' which is not defined in the domain. Please make sure all intents are listed in the domain.
  More info at https://rasa.com/docs/rasa/domain
2025-04-29 09:47:58 DEBUG    rasa.core.processor  - Logged UserUtterance - tracker now has 28 events.
2025-04-29 09:47:58 DEBUG    rasa.core.actions.action  - Validating extracted slots: topic
2025-04-29 09:47:58 DEBUG    rasa.core.processor  - [debug    ] processor.extract.slots        action_extract_slot=action_extract_slots len_extraction_events=1 rasa_events=[SlotSet(key: topic, value: Что важно учитывать при проектировании?)]
2025-04-29 09:47:58 DEBUG    rasa.engine.runner.dask  - Running graph with inputs: {'__tracker__': <rasa.shared.core.trackers.DialogueStateTracker object at 0x74f1d09c43d0>}, targets: ['select_prediction'] and ExecutionContext(model_id='5ed29902bd4a432a8d890ee2f21e7684', should_add_diagnostic_data=False, is_finetuning=False, node_name=None).
2025-04-29 09:47:58 DEBUG    rasa.engine.graph  - Node 'rule_only_data_provider' running 'RuleOnlyDataProvider.provide'.
2025-04-29 09:47:58 DEBUG    rasa.engine.graph  - Node 'domain_provider' running 'DomainProvider.provide_inference'.
2025-04-29 09:47:58 DEBUG    rasa.engine.graph  - Node 'run_MemoizationPolicy0' running 'MemoizationPolicy.predict_action_probabilities'.
2025-04-29 09:47:58 DEBUG    rasa.core.policies.memoization  - [debug    ] memoization.predict.actions    tracker_states=[{'user': {'intent': 'ask_architecture'}, 'prev_action': {'action_name': 'utter_architecture_response'}}, {'user': {'intent': 'ask_best_practices'}, 'prev_action': {'action_name': 'action_listen'}}]
2025-04-29 09:47:58 DEBUG    rasa.core.policies.memoization  - There is no memorised next action
2025-04-29 09:47:58 DEBUG    rasa.engine.graph  - Node 'run_RulePolicy1' running 'RulePolicy.predict_action_probabilities'.
2025-04-29 09:47:58 DEBUG    rasa.core.policies.rule_policy  - [debug    ] rule_policy.actions.find       current_states=
[state 1] user intent: greet | previous action name: action_listen
[state 2] user intent: greet | previous action name: utter_greet
[state 3] user intent: ask_architecture | previous action name: action_listen
[state 4] user intent: ask_architecture | previous action name: utter_architecture_response
[state 5] user intent: ask_microservices | previous action name: action_listen
[state 6] user intent: ask_microservices | previous action name: utter_microservices
[state 7] user intent: ask_monolith | previous action name: action_listen
[state 8] user intent: ask_monolith | previous action name: utter_monolith
[state 9] user text: Что важно учитывать при проектировании? | previous action name: action_listen
2025-04-29 09:47:58 DEBUG    rasa.core.policies.rule_policy  - There is no applicable rule.
2025-04-29 09:47:58 DEBUG    rasa.core.policies.rule_policy  - [debug    ] rule_policy.actions.find       current_states=
[state 1] user intent: greet | previous action name: action_listen
[state 2] user intent: greet | previous action name: utter_greet
[state 3] user intent: ask_architecture | previous action name: action_listen
[state 4] user intent: ask_architecture | previous action name: utter_architecture_response
[state 5] user intent: ask_microservices | previous action name: action_listen
[state 6] user intent: ask_microservices | previous action name: utter_microservices
[state 7] user intent: ask_monolith | previous action name: action_listen
[state 8] user intent: ask_monolith | previous action name: utter_monolith
[state 9] user intent: ask_best_practices | previous action name: action_listen
2025-04-29 09:47:58 DEBUG    rasa.core.policies.rule_policy  - There is a rule for the next action 'utter_best_practices'.
2025-04-29 09:47:58 DEBUG    rasa.engine.graph  - Node 'run_TEDPolicy2' running 'TEDPolicy.predict_action_probabilities'.
2025-04-29 09:47:58 DEBUG    rasa.core.policies.ted_policy  - TED predicted 'utter_greet' based on user intent.
2025-04-29 09:47:58 DEBUG    rasa.engine.graph  - Node 'select_prediction' running 'DefaultPolicyPredictionEnsemble.combine_predictions_from_kwargs'.
2025-04-29 09:47:58 DEBUG    rasa.core.policies.ensemble  - Made prediction using user intent.
2025-04-29 09:47:58 DEBUG    rasa.core.policies.ensemble  - Added `DefinePrevUserUtteredFeaturization(False)` event.
2025-04-29 09:47:58 DEBUG    rasa.core.policies.ensemble  - Predicted next action using RulePolicy.
2025-04-29 09:47:58 DEBUG    rasa.core.processor  - Predicted next action 'utter_best_practices' with confidence 1.00.
2025-04-29 09:47:58 DEBUG    rasa.core.processor  - [debug    ] processor.actions.policy_prediction prediction_events=[<rasa.shared.core.events.DefinePrevUserUtteredFeaturization object at 0x74f19b616050>]
2025-04-29 09:47:58 DEBUG    rasa.core.processor  - [debug    ] processor.actions.log          action_name=utter_best_practices rasa_events=[BotUttered('Лучшие практики включают разделение ответственности, использование шаблонов проектирования и проведение архитектурных ревью.', {"elements": null, "quick_replies": null, "buttons": null, "attachment": null, "image": null, "custom": null}, {"utter_action": "utter_best_practices"}, 1745920078.7684207)]
2025-04-29 09:47:58 DEBUG    rasa.engine.runner.dask  - Running graph with inputs: {'__tracker__': <rasa.shared.core.trackers.DialogueStateTracker object at 0x74f1d09c43d0>}, targets: ['select_prediction'] and ExecutionContext(model_id='5ed29902bd4a432a8d890ee2f21e7684', should_add_diagnostic_data=False, is_finetuning=False, node_name=None).
2025-04-29 09:47:58 DEBUG    rasa.engine.graph  - Node 'rule_only_data_provider' running 'RuleOnlyDataProvider.provide'.
2025-04-29 09:47:58 DEBUG    rasa.engine.graph  - Node 'domain_provider' running 'DomainProvider.provide_inference'.
2025-04-29 09:47:58 DEBUG    rasa.engine.graph  - Node 'run_MemoizationPolicy0' running 'MemoizationPolicy.predict_action_probabilities'.
2025-04-29 09:47:58 DEBUG    rasa.core.policies.memoization  - [debug    ] memoization.predict.actions    tracker_states=[{'user': {'intent': 'ask_architecture'}, 'prev_action': {'action_name': 'utter_architecture_response'}}, {'user': {'intent': 'ask_architecture'}, 'prev_action': {'action_name': 'action_listen'}}]
2025-04-29 09:47:58 DEBUG    rasa.core.policies.memoization  - There is no memorised next action
2025-04-29 09:47:58 DEBUG    rasa.engine.graph  - Node 'run_RulePolicy1' running 'RulePolicy.predict_action_probabilities'.
2025-04-29 09:47:58 DEBUG    rasa.core.policies.rule_policy  - [debug    ] rule_policy.actions.find       current_states=
[state 1] user intent: greet | previous action name: action_listen
[state 2] user intent: greet | previous action name: utter_greet
[state 3] user intent: ask_architecture | previous action name: action_listen
[state 4] user intent: ask_architecture | previous action name: utter_architecture_response
[state 5] user intent: ask_microservices | previous action name: action_listen
[state 6] user intent: ask_microservices | previous action name: utter_microservices
[state 7] user intent: ask_monolith | previous action name: action_listen
[state 8] user intent: ask_monolith | previous action name: utter_monolith
[state 9] user intent: ask_best_practices | previous action name: action_listen
[state 10] user intent: ask_best_practices | previous action name: utter_best_practices
2025-04-29 09:47:58 DEBUG    rasa.core.policies.rule_policy  - There is a rule for the next action 'action_listen'.
2025-04-29 09:47:58 DEBUG    rasa.engine.graph  - Node 'run_TEDPolicy2' running 'TEDPolicy.predict_action_probabilities'.
2025-04-29 09:47:58 DEBUG    rasa.core.policies.ted_policy  - TED predicted 'action_listen' based on user intent.
2025-04-29 09:47:58 DEBUG    rasa.engine.graph  - Node 'select_prediction' running 'DefaultPolicyPredictionEnsemble.combine_predictions_from_kwargs'.
2025-04-29 09:47:58 DEBUG    rasa.core.policies.ensemble  - Predicted next action using RulePolicy.
2025-04-29 09:47:58 DEBUG    rasa.core.processor  - Predicted next action 'action_listen' with confidence 1.00.
2025-04-29 09:47:58 DEBUG    rasa.core.processor  - [debug    ] processor.actions.policy_prediction prediction_events=[]
2025-04-29 09:47:58 DEBUG    rasa.core.processor  - [debug    ] processor.actions.log          action_name=action_listen rasa_events=[]
2025-04-29 09:47:58 DEBUG    rasa.core.tracker_store  - No event broker configured. Skipping streaming events.
2025-04-29 09:47:58 DEBUG    rasa.core.lock_store  - Deleted lock for conversation 'PractikumStudent'.
2025-04-29 09:48:03 DEBUG    rasa.core.lock_store  - Issuing ticket for conversation 'PractikumStudent'.
2025-04-29 09:48:03 DEBUG    rasa.core.lock_store  - Acquiring lock for conversation 'PractikumStudent'.
2025-04-29 09:48:03 DEBUG    rasa.core.lock_store  - Acquired lock for conversation 'PractikumStudent'.
2025-04-29 09:48:03 DEBUG    rasa.core.tracker_store  - Recreating tracker for id 'PractikumStudent'
2025-04-29 09:48:03 DEBUG    rasa.engine.runner.dask  - Running graph with inputs: {'__message__': [<rasa.core.channels.channel.UserMessage object at 0x74f1d0913e50>], '__tracker__': <rasa.shared.core.trackers.DialogueStateTracker object at 0x74f1d09c43d0>}, targets: ['run_RegexMessageHandler'] and ExecutionContext(model_id='5ed29902bd4a432a8d890ee2f21e7684', should_add_diagnostic_data=False, is_finetuning=False, node_name=None).
2025-04-29 09:48:03 DEBUG    rasa.engine.graph  - Node 'nlu_message_converter' running 'NLUMessageConverter.convert_user_message'.
2025-04-29 09:48:03 DEBUG    rasa.engine.graph  - Node 'run_WhitespaceTokenizer0' running 'WhitespaceTokenizer.process'.
2025-04-29 09:48:03 DEBUG    rasa.engine.graph  - Node 'run_RegexFeaturizer1' running 'RegexFeaturizer.process'.
2025-04-29 09:48:03 DEBUG    rasa.engine.graph  - Node 'run_LexicalSyntacticFeaturizer2' running 'LexicalSyntacticFeaturizer.process'.
2025-04-29 09:48:03 DEBUG    rasa.engine.graph  - Node 'run_CountVectorsFeaturizer3' running 'CountVectorsFeaturizer.process'.
2025-04-29 09:48:03 DEBUG    rasa.engine.graph  - Node 'run_LanguageModelFeaturizer4' running 'LanguageModelFeaturizer.process'.
2025-04-29 09:48:03 DEBUG    rasa.engine.graph  - Node 'run_DIETClassifier5' running 'DIETClassifier.process'.
2025-04-29 09:48:03 DEBUG    rasa.engine.graph  - Node 'run_EntitySynonymMapper6' running 'EntitySynonymMapper.process'.
2025-04-29 09:48:03 DEBUG    rasa.engine.graph  - Node 'run_ResponseSelector7' running 'ResponseSelector.process'.
2025-04-29 09:48:03 DEBUG    rasa.nlu.classifiers.diet_classifier  - There is no trained model for 'ResponseSelector': The component is either not trained or didn't receive enough training data.
2025-04-29 09:48:03 DEBUG    rasa.nlu.selectors.response_selector  - Adding following selector key to message property: default
2025-04-29 09:48:03 DEBUG    rasa.engine.graph  - Node 'domain_provider' running 'DomainProvider.provide_inference'.
2025-04-29 09:48:03 DEBUG    rasa.engine.graph  - Node 'run_RegexMessageHandler' running 'RegexMessageHandler.process'.
2025-04-29 09:48:03 DEBUG    rasa.core.processor  - [debug    ] processor.message.parse        parse_data_entities=[] parse_data_intent={'name': 'goodbye', 'confidence': 0.1386505663394928} parse_data_text=Всего доброго
2025-04-29 09:48:03 DEBUG    rasa.core.processor  - Logged UserUtterance - tracker now has 34 events.
2025-04-29 09:48:03 DEBUG    rasa.core.actions.action  - Validating extracted slots: topic
2025-04-29 09:48:03 DEBUG    rasa.core.processor  - [debug    ] processor.extract.slots        action_extract_slot=action_extract_slots len_extraction_events=1 rasa_events=[SlotSet(key: topic, value: Всего доброго)]
2025-04-29 09:48:03 DEBUG    rasa.engine.runner.dask  - Running graph with inputs: {'__tracker__': <rasa.shared.core.trackers.DialogueStateTracker object at 0x74f1d09c43d0>}, targets: ['select_prediction'] and ExecutionContext(model_id='5ed29902bd4a432a8d890ee2f21e7684', should_add_diagnostic_data=False, is_finetuning=False, node_name=None).
2025-04-29 09:48:03 DEBUG    rasa.engine.graph  - Node 'rule_only_data_provider' running 'RuleOnlyDataProvider.provide'.
2025-04-29 09:48:03 DEBUG    rasa.engine.graph  - Node 'domain_provider' running 'DomainProvider.provide_inference'.
2025-04-29 09:48:03 DEBUG    rasa.engine.graph  - Node 'run_MemoizationPolicy0' running 'MemoizationPolicy.predict_action_probabilities'.
2025-04-29 09:48:03 DEBUG    rasa.core.policies.memoization  - [debug    ] memoization.predict.actions    tracker_states=[{'user': {'intent': 'ask_architecture'}, 'prev_action': {'action_name': 'utter_architecture_response'}}, {'user': {'intent': 'goodbye'}, 'prev_action': {'action_name': 'action_listen'}}]
2025-04-29 09:48:03 DEBUG    rasa.core.policies.memoization  - There is no memorised next action
2025-04-29 09:48:03 DEBUG    rasa.engine.graph  - Node 'run_RulePolicy1' running 'RulePolicy.predict_action_probabilities'.
2025-04-29 09:48:03 DEBUG    rasa.core.policies.rule_policy  - [debug    ] rule_policy.actions.find       current_states=
[state 1] user intent: greet | previous action name: action_listen
[state 2] user intent: greet | previous action name: utter_greet
[state 3] user intent: ask_architecture | previous action name: action_listen
[state 4] user intent: ask_architecture | previous action name: utter_architecture_response
[state 5] user intent: ask_microservices | previous action name: action_listen
[state 6] user intent: ask_microservices | previous action name: utter_microservices
[state 7] user intent: ask_monolith | previous action name: action_listen
[state 8] user intent: ask_monolith | previous action name: utter_monolith
[state 9] user intent: ask_best_practices | previous action name: action_listen
[state 10] user intent: ask_best_practices | previous action name: utter_best_practices
[state 11] user text: Всего доброго | previous action name: action_listen
2025-04-29 09:48:03 DEBUG    rasa.core.policies.rule_policy  - There is no applicable rule.
2025-04-29 09:48:03 DEBUG    rasa.core.policies.rule_policy  - [debug    ] rule_policy.actions.find       current_states=
[state 1] user intent: greet | previous action name: action_listen
[state 2] user intent: greet | previous action name: utter_greet
[state 3] user intent: ask_architecture | previous action name: action_listen
[state 4] user intent: ask_architecture | previous action name: utter_architecture_response
[state 5] user intent: ask_microservices | previous action name: action_listen
[state 6] user intent: ask_microservices | previous action name: utter_microservices
[state 7] user intent: ask_monolith | previous action name: action_listen
[state 8] user intent: ask_monolith | previous action name: utter_monolith
[state 9] user intent: ask_best_practices | previous action name: action_listen
[state 10] user intent: ask_best_practices | previous action name: utter_best_practices
[state 11] user intent: goodbye | previous action name: action_listen
2025-04-29 09:48:03 DEBUG    rasa.core.policies.rule_policy  - There is a rule for the next action 'utter_goodbye'.
2025-04-29 09:48:03 DEBUG    rasa.engine.graph  - Node 'run_TEDPolicy2' running 'TEDPolicy.predict_action_probabilities'.
2025-04-29 09:48:03 DEBUG    rasa.core.policies.ted_policy  - TED predicted 'utter_goodbye' based on user intent.
2025-04-29 09:48:03 DEBUG    rasa.engine.graph  - Node 'select_prediction' running 'DefaultPolicyPredictionEnsemble.combine_predictions_from_kwargs'.
2025-04-29 09:48:03 DEBUG    rasa.core.policies.ensemble  - Made prediction using user intent.
2025-04-29 09:48:03 DEBUG    rasa.core.policies.ensemble  - Added `DefinePrevUserUtteredFeaturization(False)` event.
2025-04-29 09:48:03 DEBUG    rasa.core.policies.ensemble  - Predicted next action using RulePolicy.
2025-04-29 09:48:03 DEBUG    rasa.core.processor  - Predicted next action 'utter_goodbye' with confidence 1.00.
2025-04-29 09:48:03 DEBUG    rasa.core.processor  - [debug    ] processor.actions.policy_prediction prediction_events=[<rasa.shared.core.events.DefinePrevUserUtteredFeaturization object at 0x74f19b7f3430>]
2025-04-29 09:48:03 DEBUG    rasa.core.processor  - [debug    ] processor.actions.log          action_name=utter_goodbye rasa_events=[BotUttered('До свидания! Если появятся вопросы по архитектуре ПО, обращайтесь.', {"elements": null, "quick_replies": null, "buttons": null, "attachment": null, "image": null, "custom": null}, {"utter_action": "utter_goodbye"}, 1745920083.2034647)]
2025-04-29 09:48:03 DEBUG    rasa.engine.runner.dask  - Running graph with inputs: {'__tracker__': <rasa.shared.core.trackers.DialogueStateTracker object at 0x74f1d09c43d0>}, targets: ['select_prediction'] and ExecutionContext(model_id='5ed29902bd4a432a8d890ee2f21e7684', should_add_diagnostic_data=False, is_finetuning=False, node_name=None).
2025-04-29 09:48:03 DEBUG    rasa.engine.graph  - Node 'rule_only_data_provider' running 'RuleOnlyDataProvider.provide'.
2025-04-29 09:48:03 DEBUG    rasa.engine.graph  - Node 'domain_provider' running 'DomainProvider.provide_inference'.
2025-04-29 09:48:03 DEBUG    rasa.engine.graph  - Node 'run_MemoizationPolicy0' running 'MemoizationPolicy.predict_action_probabilities'.
2025-04-29 09:48:03 DEBUG    rasa.core.policies.memoization  - [debug    ] memoization.predict.actions    tracker_states=[{'user': {'intent': 'goodbye'}, 'prev_action': {'action_name': 'action_listen'}}, {'user': {'intent': 'goodbye'}, 'prev_action': {'action_name': 'utter_goodbye'}}]
2025-04-29 09:48:03 DEBUG    rasa.core.policies.memoization  - There is a memorised next action 'action_listen'
2025-04-29 09:48:03 DEBUG    rasa.engine.graph  - Node 'run_RulePolicy1' running 'RulePolicy.predict_action_probabilities'.
2025-04-29 09:48:03 DEBUG    rasa.core.policies.rule_policy  - [debug    ] rule_policy.actions.find       current_states=
[state 1] user intent: greet | previous action name: action_listen
[state 2] user intent: greet | previous action name: utter_greet
[state 3] user intent: ask_architecture | previous action name: action_listen
[state 4] user intent: ask_architecture | previous action name: utter_architecture_response
[state 5] user intent: ask_microservices | previous action name: action_listen
[state 6] user intent: ask_microservices | previous action name: utter_microservices
[state 7] user intent: ask_monolith | previous action name: action_listen
[state 8] user intent: ask_monolith | previous action name: utter_monolith
[state 9] user intent: ask_best_practices | previous action name: action_listen
[state 10] user intent: ask_best_practices | previous action name: utter_best_practices
[state 11] user intent: goodbye | previous action name: action_listen
[state 12] user intent: goodbye | previous action name: utter_goodbye
2025-04-29 09:48:03 DEBUG    rasa.core.policies.rule_policy  - There is a rule for the next action 'action_listen'.
2025-04-29 09:48:03 DEBUG    rasa.engine.graph  - Node 'run_TEDPolicy2' running 'TEDPolicy.predict_action_probabilities'.
2025-04-29 09:48:03 DEBUG    rasa.core.policies.ted_policy  - TED predicted 'action_listen' based on user intent.
2025-04-29 09:48:03 DEBUG    rasa.engine.graph  - Node 'select_prediction' running 'DefaultPolicyPredictionEnsemble.combine_predictions_from_kwargs'.
2025-04-29 09:48:03 DEBUG    rasa.core.policies.ensemble  - Predicted next action using RulePolicy.
2025-04-29 09:48:03 DEBUG    rasa.core.processor  - Predicted next action 'action_listen' with confidence 1.00.
2025-04-29 09:48:03 DEBUG    rasa.core.processor  - [debug    ] processor.actions.policy_prediction prediction_events=[]
2025-04-29 09:48:03 DEBUG    rasa.core.processor  - [debug    ] processor.actions.log          action_name=action_listen rasa_events=[]
2025-04-29 09:48:03 DEBUG    rasa.core.tracker_store  - No event broker configured. Skipping streaming events.
2025-04-29 09:48:03 DEBUG    rasa.core.lock_store  - Deleted lock for conversation 'PractikumStudent'.